fjslfs
